18:05:22 **** Incremental Build of configuration Debug for project EXP1 ****
make -j8 all 
arm-none-eabi-gcc "../Core/Src/main.c" -mcpu=cortex-m4 -std=gnu11 -g3 -DDEBUG -DUSE_HAL_DRIVER -DSTM32F446xx -c -I../Core/Inc -I../Drivers/STM32F4xx_HAL_Driver/Inc -I../Drivers/STM32F4xx_HAL_Driver/Inc/Legacy -I../Drivers/CMSIS/Device/ST/STM32F4xx/Include -I../Drivers/CMSIS/Include -O0 -ffunction-sections -fdata-sections -Wall -fstack-usage -fcyclomatic-complexity -MMD -MP -MF"Core/Src/main.d" -MT"Core/Src/main.o" --specs=nano.specs -mfpu=fpv4-sp-d16 -mfloat-abi=hard -mthumb -o "Core/Src/main.o"
arm-none-eabi-gcc -o "EXP1.elf" @"objects.list"   -mcpu=cortex-m4 -T"D:\stm32_workspace\EXP1\STM32F446VETX_FLASH.ld" --specs=nosys.specs -Wl,-Map="EXP1.map" -Wl,--gc-sections -static --specs=nano.specs -mfpu=fpv4-sp-d16 -mfloat-abi=hard -mthumb -Wl,--start-group -lc -lm -Wl,--end-group
Finished building target: EXP1.elf
 
arm-none-eabi-size  EXP1.elf 
arm-none-eabi-objdump -h -S EXP1.elf  > "EXP1.list"
Finished building: EXP1.list
   text	   data	    bss	    dec	    hex	filename
   6412	     12	   1572	   7996	   1f3c	EXP1.elf
 
Finished building: default.size.stdout
 

18:05:24 Build Finished. 0 errors, 0 warnings. (took 1s.639ms)

