12:33:56 **** Incremental Build of configuration Debug for project EXP11-12_ADC ****
make -j8 all 
arm-none-eabi-gcc "../Core/Src/main.c" -mcpu=cortex-m4 -std=gnu11 -g3 -DDEBUG -DUSE_HAL_DRIVER -DSTM32F446xx -c -I../Core/Inc -I../Drivers/STM32F4xx_HAL_Driver/Inc -I../Drivers/STM32F4xx_HAL_Driver/Inc/Legacy -I../Drivers/CMSIS/Device/ST/STM32F4xx/Include -I../Drivers/CMSIS/Include -O0 -ffunction-sections -fdata-sections -Wall -fstack-usage -fcyclomatic-complexity -MMD -MP -MF"Core/Src/main.d" -MT"Core/Src/main.o" --specs=nano.specs -mfpu=fpv4-sp-d16 -mfloat-abi=hard -mthumb -o "Core/Src/main.o"
arm-none-eabi-gcc -o "EXP11-12_ADC.elf" @"objects.list"   -mcpu=cortex-m4 -T"D:\stm32_workspace\EXP11-12_ADC\STM32F446RETX_FLASH.ld" --specs=nosys.specs -Wl,-Map="EXP11-12_ADC.map" -Wl,--gc-sections -static --specs=nano.specs -mfpu=fpv4-sp-d16 -mfloat-abi=hard -mthumb -Wl,--start-group -lc -lm -Wl,--end-group
Finished building target: EXP11-12_ADC.elf
 
arm-none-eabi-size  EXP11-12_ADC.elf 
arm-none-eabi-objdump -h -S EXP11-12_ADC.elf  > "EXP11-12_ADC.list"
   text	   data	    bss	    dec	    hex	filename
   8508	     12	   1644	  10164	   27b4	EXP11-12_ADC.elf
Finished building: default.size.stdout
 
Finished building: EXP11-12_ADC.list
 

12:34:02 Build Finished. 0 errors, 0 warnings. (took 5s.524ms)

