18:07:31 **** Incremental Build of configuration Debug for project EXP2 ****
make -j8 all 
arm-none-eabi-gcc "../Core/Src/main.c" -mcpu=cortex-m4 -std=gnu11 -g3 -DDEBUG -DUSE_HAL_DRIVER -DSTM32F446xx -c -I../Core/Inc -I../Drivers/STM32F4xx_HAL_Driver/Inc -I../Drivers/STM32F4xx_HAL_Driver/Inc/Legacy -I../Drivers/CMSIS/Device/ST/STM32F4xx/Include -I../Drivers/CMSIS/Include -O0 -ffunction-sections -fdata-sections -Wall -fstack-usage -fcyclomatic-complexity -MMD -MP -MF"Core/Src/main.d" -MT"Core/Src/main.o" --specs=nano.specs -mfpu=fpv4-sp-d16 -mfloat-abi=hard -mthumb -o "Core/Src/main.o"
arm-none-eabi-gcc -o "EXP2.elf" @"objects.list"   -mcpu=cortex-m4 -T"D:\stm32_workspace\EXP2\STM32F446VETX_FLASH.ld" --specs=nosys.specs -Wl,-Map="EXP2.map" -Wl,--gc-sections -static --specs=nano.specs -mfpu=fpv4-sp-d16 -mfloat-abi=hard -mthumb -Wl,--start-group -lc -lm -Wl,--end-group
Finished building target: EXP2.elf
 
arm-none-eabi-size  EXP2.elf 
arm-none-eabi-objdump -h -S EXP2.elf  > "EXP2.list"
   text	   data	    bss	    dec	    hex	filename
   6508	     12	   1572	   8092	   1f9c	EXP2.elf
Finished building: default.size.stdout
 
Finished building: EXP2.list
 

18:07:37 Build Finished. 0 errors, 0 warnings. (took 6s.775ms)

