10:50:38 **** Incremental Build of configuration Debug for project EXP5 ****
make -j8 all 
arm-none-eabi-gcc "../Core/Src/main.c" -mcpu=cortex-m4 -std=gnu11 -g3 -DDEBUG -DUSE_HAL_DRIVER -DSTM32F446xx -c -I../Core/Inc -I../Drivers/STM32F4xx_HAL_Driver/Inc -I../Drivers/STM32F4xx_HAL_Driver/Inc/Legacy -I../Drivers/CMSIS/Device/ST/STM32F4xx/Include -I../Drivers/CMSIS/Include -O0 -ffunction-sections -fdata-sections -Wall -fstack-usage -fcyclomatic-complexity -MMD -MP -MF"Core/Src/main.d" -MT"Core/Src/main.o" --specs=nano.specs -mfpu=fpv4-sp-d16 -mfloat-abi=hard -mthumb -o "Core/Src/main.o"
arm-none-eabi-gcc -o "EXP5.elf" @"objects.list"   -mcpu=cortex-m4 -T"D:\stm32_workspace\EXP5\STM32F446VETX_FLASH.ld" --specs=nosys.specs -Wl,-Map="EXP5.map" -Wl,--gc-sections -static --specs=nano.specs -mfpu=fpv4-sp-d16 -mfloat-abi=hard -mthumb -Wl,--start-group -lc -lm -Wl,--end-group
Finished building target: EXP5.elf
 
arm-none-eabi-size  EXP5.elf 
arm-none-eabi-objdump -h -S EXP5.elf  > "EXP5.list"
Finished building: EXP5.list
 
   text	   data	    bss	    dec	    hex	filename
   7112	     12	   1572	   8696	   21f8	EXP5.elf
Finished building: default.size.stdout
 

10:50:44 Build Finished. 0 errors, 0 warnings. (took 5s.564ms)

