11:33:44 **** Incremental Build of configuration Debug for project EXP7 ****
make -j8 all 
arm-none-eabi-gcc "../Core/Src/main.c" -mcpu=cortex-m4 -std=gnu11 -g3 -DDEBUG -DUSE_HAL_DRIVER -DSTM32F446xx -c -I../Core/Inc -I../Drivers/STM32F4xx_HAL_Driver/Inc -I../Drivers/STM32F4xx_HAL_Driver/Inc/Legacy -I../Drivers/CMSIS/Device/ST/STM32F4xx/Include -I../Drivers/CMSIS/Include -O0 -ffunction-sections -fdata-sections -Wall -fstack-usage -fcyclomatic-complexity -MMD -MP -MF"Core/Src/main.d" -MT"Core/Src/main.o" --specs=nano.specs -mfpu=fpv4-sp-d16 -mfloat-abi=hard -mthumb -o "Core/Src/main.o"
arm-none-eabi-gcc -o "EXP7.elf" @"objects.list"   -mcpu=cortex-m4 -T"D:\stm32_workspace\EXP7\STM32F446VETX_FLASH.ld" --specs=nosys.specs -Wl,-Map="EXP7.map" -Wl,--gc-sections -static --specs=nano.specs -mfpu=fpv4-sp-d16 -mfloat-abi=hard -mthumb -Wl,--start-group -lc -lm -Wl,--end-group
Finished building target: EXP7.elf
 
arm-none-eabi-size  EXP7.elf 
arm-none-eabi-objdump -h -S EXP7.elf  > "EXP7.list"
   text	   data	    bss	    dec	    hex	filename
  11208	     12	   1644	  12864	   3240	EXP7.elf
Finished building: EXP7.list
Finished building: default.size.stdout
 
 

11:33:49 Build Finished. 0 errors, 0 warnings. (took 5s.101ms)

