11:39:04 **** Incremental Build of configuration Debug for project EXP8 ****
make -j8 all 
arm-none-eabi-gcc "../Core/Src/main.c" -mcpu=cortex-m4 -std=gnu11 -g3 -DDEBUG -DUSE_HAL_DRIVER -DSTM32F446xx -c -I../Core/Inc -I../Drivers/STM32F4xx_HAL_Driver/Inc -I../Drivers/STM32F4xx_HAL_Driver/Inc/Legacy -I../Drivers/CMSIS/Device/ST/STM32F4xx/Include -I../Drivers/CMSIS/Include -O0 -ffunction-sections -fdata-sections -Wall -fstack-usage -fcyclomatic-complexity -MMD -MP -MF"Core/Src/main.d" -MT"Core/Src/main.o" --specs=nano.specs -mfpu=fpv4-sp-d16 -mfloat-abi=hard -mthumb -o "Core/Src/main.o"
arm-none-eabi-gcc -o "EXP8.elf" @"objects.list"   -mcpu=cortex-m4 -T"D:\stm32_workspace\EXP8\STM32F446VETX_FLASH.ld" --specs=nosys.specs -Wl,-Map="EXP8.map" -Wl,--gc-sections -static --specs=nano.specs -mfpu=fpv4-sp-d16 -mfloat-abi=hard -mthumb -Wl,--start-group -lc -lm -Wl,--end-group
Finished building target: EXP8.elf
 
arm-none-eabi-size  EXP8.elf 
arm-none-eabi-objdump -h -S EXP8.elf  > "EXP8.list"
   text	   data	    bss	    dec	    hex	filename
  11220	     12	   1644	  12876	   324c	EXP8.elf
Finished building: default.size.stdout
 
Finished building: EXP8.list
 

11:39:09 Build Finished. 0 errors, 0 warnings. (took 4s.981ms)

